PHPUnit 12.5.22 by Sebastian Bergmann and contributors.

Runtime:       PHP 8.3.30
Configuration: D:\projects\aplikasi-update-shipment-otomotif\phpunit.xml

............[41;37mF[0m.................[41;37mF[0m......................[41;37mF[0m.........   63 / 63 (100%)

Time: 00:16.730, Memory: 56.00 MB

There were 3 failures:

1) Tests\Feature\Admin\ReportExportTest::test_admin_can_export_excel
Expected response status code [200] but received 500.
Failed asserting that 500 is identical to 200.

The following exception occurred during the last request:

Error: Class "Maatwebsite\Excel\Facades\Excel" not found in D:\projects\aplikasi-update-shipment-otomotif\app\Http\Controllers\Admin\ReportController.php:44
Stack trace:
#0 D:\projects\aplikasi-update-shipment-otomotif\vendor\laravel\framework\src\Illuminate\Routing\ControllerDispatcher.php(46): App\Http\Controllers\Admin\ReportController->export(Object(Illuminate\Http\Request))
#1 D:\projects\aplikasi-update-shipment-otomotif\vendor\laravel\framework\src\Illuminate\Routing\Route.php(269): Illuminate\Routing\ControllerDispatcher->dispatch(Object(Illuminate\Routing\Route), Object(App\Http\Controllers\Admin\ReportController), 'export')
#2 D:\projects\aplikasi-update-shipment-otomotif\vendor\laravel\framework\src\Illuminate\Routing\Route.php(215): Illuminate\Routing\Route->runController()
#3 D:\projects\aplikasi-update-shipment-otomotif\vendor\laravel\framework\src\Illuminate\Routing\Router.php(822): Illuminate\Routing\Route->run()
#4 D:\projects\aplikasi-update-shipment-otomotif\vendor\laravel\framework\src\Illuminate\Pipeline\Pipeline.php(180): Illuminate\Routing\Router->Illuminate\Routing\{closure}(Object(Illuminate\Http\Request))
#5 D:\projects\aplikasi-update-shipment-otomotif\app\Http\Middleware\CheckLevel.php(23): Illuminate\Pipeline\Pipeline->Illuminate\Pipeline\{closure}(Object(Illuminate\Http\Request))
#6 D:\projects\aplikasi-update-shipment-otomotif\vendor\laravel\framework\src\Illuminate\Pipeline\Pipeline.php(219): App\Http\Middleware\CheckLevel->handle(Object(Illuminate\Http\Request), Object(Closure), 'superadmin', 'admin')
#7 D:\projects\aplikasi-update-shipment-otomotif\vendor\laravel\framework\src\Illuminate\Routing\Middleware\SubstituteBindings.php(52): Illuminate\Pipeline\Pipeline->Illuminate\Pipeline\{closure}(Object(Illuminate\Http\Request))
#8 D:\projects\aplikasi-update-shipment-otomotif\vendor\laravel\framework\src\Illuminate\Pipeline\Pipeline.php(219): Illuminate\Routing\Middleware\SubstituteBindings->handle(Object(Illuminate\Http\Request), Object(Closure))
#9 D:\projects\aplikasi-update-shipment-otomotif\vendor\laravel\framework\src\Illuminate\Auth\Middleware\Authenticate.php(63): Illuminate\Pipeline\Pipeline->Illuminate\Pipeline\{closure}(Object(Illuminate\Http\Request))
#10 D:\projects\aplikasi-update-shipment-otomotif\vendor\laravel\framework\src\Illuminate\Pipeline\Pipeline.php(219): Illuminate\Auth\Middleware\Authenticate->handle(Object(Illuminate\Http\Request), Object(Closure))
#11 D:\projects\aplikasi-update-shipment-otomotif\vendor\laravel\framework\src\Illuminate\Foundation\Http\Middleware\PreventRequestForgery.php(104): Illuminate\Pipeline\Pipeline->Illuminate\Pipeline\{closure}(Object(Illuminate\Http\Request))
#12 D:\projects\aplikasi-update-shipment-otomotif\vendor\laravel\framework\src\Illuminate\Pipeline\Pipeline.php(219): Illuminate\Foundation\Http\Middleware\PreventRequestForgery->handle(Object(Illuminate\Http\Request), Object(Closure))
#13 D:\projects\aplikasi-update-shipment-otomotif\vendor\laravel\framework\src\Illuminate\View\Middleware\ShareErrorsFromSession.php(48): Illuminate\Pipeline\Pipeline->Illuminate\Pipeline\{closure}(Object(Illuminate\Http\Request))
#14 D:\projects\aplikasi-update-shipment-otomotif\vendor\laravel\framework\src\Illuminate\Pipeline\Pipeline.php(219): Illuminate\View\Middleware\ShareErrorsFromSession->handle(Object(Illuminate\Http\Request), Object(Closure))
#15 D:\projects\aplikasi-update-shipment-otomotif\vendor\laravel\framework\src\Illuminate\Session\Middleware\StartSession.php(120): Illuminate\Pipeline\Pipeline->Illuminate\Pipeline\{closure}(Object(Illuminate\Http\Request))
#16 D:\projects\aplikasi-update-shipment-otomotif\vendor\laravel\framework\src\Illuminate\Session\Middleware\StartSession.php(63): Illuminate\Session\Middleware\StartSession->handleStatefulRequest(Object(Illuminate\Http\Request), Object(Illuminate\Session\Store), Object(Closure))
#17 D:\projects\aplikasi-update-shipment-otomotif\vendor\laravel\framework\src\Illuminate\Pipeline\Pipeline.php(219): Illuminate\Session\Middleware\StartSession->handle(Object(Illuminate\Http\Request), Object(Closure))
#18 D:\projects\aplikasi-update-shipment-otomotif\vendor\laravel\framework\src\Illuminate\Cookie\Middleware\AddQueuedCookiesToResponse.php(36): Illuminate\Pipeline\Pipeline->Illuminate\Pipeline\{closure}(Object(Illuminate\Http\Request))
#19 D:\projects\aplikasi-update-shipment-otomotif\vendor\laravel\framework\src\Illuminate\Pipeline\Pipeline.php(219): Illuminate\Cookie\Middleware\AddQueuedCookiesToResponse->handle(Object(Illuminate\Http\Request), Object(Closure))
#20 D:\projects\aplikasi-update-shipment-otomotif\vendor\laravel\framework\src\Illuminate\Cookie\Middleware\EncryptCookies.php(74): Illuminate\Pipeline\Pipeline->Illuminate\Pipeline\{closure}(Object(Illuminate\Http\Request))
#21 D:\projects\aplikasi-update-shipment-otomotif\vendor\laravel\framework\src\Illuminate\Pipeline\Pipeline.php(219): Illuminate\Cookie\Middleware\EncryptCookies->handle(Object(Illuminate\Http\Request), Object(Closure))
#22 D:\projects\aplikasi-update-shipment-otomotif\vendor\laravel\framework\src\Illuminate\Pipeline\Pipeline.php(137): Illuminate\Pipeline\Pipeline->Illuminate\Pipeline\{closure}(Object(Illuminate\Http\Request))
#23 D:\projects\aplikasi-update-shipment-otomotif\vendor\laravel\framework\src\Illuminate\Routing\Router.php(821): Illuminate\Pipeline\Pipeline->then(Object(Closure))
#24 D:\projects\aplikasi-update-shipment-otomotif\vendor\laravel\framework\src\Illuminate\Routing\Router.php(800): Illuminate\Routing\Router->runRouteWithinStack(Object(Illuminate\Routing\Route), Object(Illuminate\Http\Request))
#25 D:\projects\aplikasi-update-shipment-otomotif\vendor\laravel\framework\src\Illuminate\Routing\Router.php(764): Illuminate\Routing\Router->runRoute(Object(Illuminate\Http\Request), Object(Illuminate\Routing\Route))
#26 D:\projects\aplikasi-update-shipment-otomotif\vendor\laravel\framework\src\Illuminate\Routing\Router.php(753): Illuminate\Routing\Router->dispatchToRoute(Object(Illuminate\Http\Request))
#27 D:\projects\aplikasi-update-shipment-otomotif\vendor\laravel\framework\src\Illuminate\Foundation\Http\Kernel.php(200): Illuminate\Routing\Router->dispatch(Object(Illuminate\Http\Request))
#28 D:\projects\aplikasi-update-shipment-otomotif\vendor\laravel\framework\src\Illuminate\Pipeline\Pipeline.php(180): Illuminate\Foundation\Http\Kernel->Illuminate\Foundation\Http\{closure}(Object(Illuminate\Http\Request))
#29 D:\projects\aplikasi-update-shipment-otomotif\vendor\laravel\framework\src\Illuminate\Foundation\Http\Middleware\TransformsRequest.php(21): Illuminate\Pipeline\Pipeline->Illuminate\Pipeline\{closure}(Object(Illuminate\Http\Request))
#30 D:\projects\aplikasi-update-shipment-otomotif\vendor\laravel\framework\src\Illuminate\Foundation\Http\Middleware\ConvertEmptyStringsToNull.php(31): Illuminate\Foundation\Http\Middleware\TransformsRequest->handle(Object(Illuminate\Http\Request), Object(Closure))
#31 D:\projects\aplikasi-update-shipment-otomotif\vendor\laravel\framework\src\Illuminate\Pipeline\Pipeline.php(219): Illuminate\Foundation\Http\Middleware\ConvertEmptyStringsToNull->handle(Object(Illuminate\Http\Request), Object(Closure))
#32 D:\projects\aplikasi-update-shipment-otomotif\vendor\laravel\framework\src\Illuminate\Foundation\Http\Middleware\TransformsRequest.php(21): Illuminate\Pipeline\Pipeline->Illuminate\Pipeline\{closure}(Object(Illuminate\Http\Request))
#33 D:\projects\aplikasi-update-shipment-otomotif\vendor\laravel\framework\src\Illuminate\Foundation\Http\Middleware\TrimStrings.php(51): Illuminate\Foundation\Http\Middleware\TransformsRequest->handle(Object(Illuminate\Http\Request), Object(Closure))
#34 D:\projects\aplikasi-update-shipment-otomotif\vendor\laravel\framework\src\Illuminate\Pipeline\Pipeline.php(219): Illuminate\Foundation\Http\Middleware\TrimStrings->handle(Object(Illuminate\Http\Request), Object(Closure))
#35 D:\projects\aplikasi-update-shipment-otomotif\vendor\laravel\framework\src\Illuminate\Http\Middleware\ValidatePostSize.php(27): Illuminate\Pipeline\Pipeline->Illuminate\Pipeline\{closure}(Object(Illuminate\Http\Request))
#36 D:\projects\aplikasi-update-shipment-otomotif\vendor\laravel\framework\src\Illuminate\Pipeline\Pipeline.php(219): Illuminate\Http\Middleware\ValidatePostSize->handle(Object(Illuminate\Http\Request), Object(Closure))
#37 D:\projects\aplikasi-update-shipment-otomotif\vendor\laravel\framework\src\Illuminate\Foundation\Http\Middleware\PreventRequestsDuringMaintenance.php(109): Illuminate\Pipeline\Pipeline->Illuminate\Pipeline\{closure}(Object(Illuminate\Http\Request))
#38 D:\projects\aplikasi-update-shipment-otomotif\vendor\laravel\framework\src\Illuminate\Pipeline\Pipeline.php(219): Illuminate\Foundation\Http\Middleware\PreventRequestsDuringMaintenance->handle(Object(Illuminate\Http\Request), Object(Closure))
#39 D:\projects\aplikasi-update-shipment-otomotif\vendor\laravel\framework\src\Illuminate\Http\Middleware\HandleCors.php(61): Illuminate\Pipeline\Pipeline->Illuminate\Pipeline\{closure}(Object(Illuminate\Http\Request))
#40 D:\projects\aplikasi-update-shipment-otomotif\vendor\laravel\framework\src\Illuminate\Pipeline\Pipeline.php(219): Illuminate\Http\Middleware\HandleCors->handle(Object(Illuminate\Http\Request), Object(Closure))
#41 D:\projects\aplikasi-update-shipment-otomotif\vendor\laravel\framework\src\Illuminate\Http\Middleware\TrustProxies.php(58): Illuminate\Pipeline\Pipeline->Illuminate\Pipeline\{closure}(Object(Illuminate\Http\Request))
#42 D:\projects\aplikasi-update-shipment-otomotif\vendor\laravel\framework\src\Illuminate\Pipeline\Pipeline.php(219): Illuminate\Http\Middleware\TrustProxies->handle(Object(Illuminate\Http\Request), Object(Closure))
#43 D:\projects\aplikasi-update-shipment-otomotif\vendor\laravel\framework\src\Illuminate\Foundation\Http\Middleware\InvokeDeferredCallbacks.php(22): Illuminate\Pipeline\Pipeline->Illuminate\Pipeline\{closure}(Object(Illuminate\Http\Request))
#44 D:\projects\aplikasi-update-shipment-otomotif\vendor\laravel\framework\src\Illuminate\Pipeline\Pipeline.php(219): Illuminate\Foundation\Http\Middleware\InvokeDeferredCallbacks->handle(Object(Illuminate\Http\Request), Object(Closure))
#45 D:\projects\aplikasi-update-shipment-otomotif\vendor\laravel\framework\src\Illuminate\Http\Middleware\ValidatePathEncoding.php(28): Illuminate\Pipeline\Pipeline->Illuminate\Pipeline\{closure}(Object(Illuminate\Http\Request))
#46 D:\projects\aplikasi-update-shipment-otomotif\vendor\laravel\framework\src\Illuminate\Pipeline\Pipeline.php(219): Illuminate\Http\Middleware\ValidatePathEncoding->handle(Object(Illuminate\Http\Request), Object(Closure))
#47 D:\projects\aplikasi-update-shipment-otomotif\vendor\laravel\framework\src\Illuminate\Pipeline\Pipeline.php(137): Illuminate\Pipeline\Pipeline->Illuminate\Pipeline\{closure}(Object(Illuminate\Http\Request))
#48 D:\projects\aplikasi-update-shipment-otomotif\vendor\laravel\framework\src\Illuminate\Foundation\Http\Kernel.php(175): Illuminate\Pipeline\Pipeline->then(Object(Closure))
#49 D:\projects\aplikasi-update-shipment-otomotif\vendor\laravel\framework\src\Illuminate\Foundation\Http\Kernel.php(144): Illuminate\Foundation\Http\Kernel->sendRequestThroughRouter(Object(Illuminate\Http\Request))
#50 D:\projects\aplikasi-update-shipment-otomotif\vendor\laravel\framework\src\Illuminate\Foundation\Testing\Concerns\MakesHttpRequests.php(607): Illuminate\Foundation\Http\Kernel->handle(Object(Illuminate\Http\Request))
#51 D:\projects\aplikasi-update-shipment-otomotif\vendor\laravel\framework\src\Illuminate\Foundation\Testing\Concerns\MakesHttpRequests.php(368): Illuminate\Foundation\Testing\TestCase->call('GET', 'http://localhos...', Array, Array, Array, Array)
#52 D:\projects\aplikasi-update-shipment-otomotif\tests\Feature\Admin\ReportExportTest.php(44): Illuminate\Foundation\Testing\TestCase->get('http://localhos...')
#53 D:\projects\aplikasi-update-shipment-otomotif\vendor\phpunit\phpunit\src\Framework\TestCase.php(1335): Tests\Feature\Admin\ReportExportTest->test_admin_can_export_excel()
#54 D:\projects\aplikasi-update-shipment-otomotif\vendor\phpunit\phpunit\src\Framework\TestCase.php(519): PHPUnit\Framework\TestCase->runTest()
#55 D:\projects\aplikasi-update-shipment-otomotif\vendor\phpunit\phpunit\src\Framework\TestRunner\TestRunner.php(99): PHPUnit\Framework\TestCase->runBare()
#56 D:\projects\aplikasi-update-shipment-otomotif\vendor\phpunit\phpunit\src\Framework\TestCase.php(359): PHPUnit\Framework\TestRunner->run(Object(Tests\Feature\Admin\ReportExportTest))
#57 D:\projects\aplikasi-update-shipment-otomotif\vendor\phpunit\phpunit\src\Framework\TestSuite.php(374): PHPUnit\Framework\TestCase->run()
#58 D:\projects\aplikasi-update-shipment-otomotif\vendor\phpunit\phpunit\src\Framework\TestSuite.php(374): PHPUnit\Framework\TestSuite->run()
#59 D:\projects\aplikasi-update-shipment-otomotif\vendor\phpunit\phpunit\src\Framework\TestSuite.php(374): PHPUnit\Framework\TestSuite->run()
#60 D:\projects\aplikasi-update-shipment-otomotif\vendor\phpunit\phpunit\src\TextUI\TestRunner.php(64): PHPUnit\Framework\TestSuite->run()
#61 D:\projects\aplikasi-update-shipment-otomotif\vendor\phpunit\phpunit\src\TextUI\Application.php(229): PHPUnit\TextUI\TestRunner->run(Object(PHPUnit\TextUI\Configuration\Configuration), Object(PHPUnit\Runner\ResultCache\DefaultResultCache), Object(PHPUnit\Framework\TestSuite))
#62 D:\projects\aplikasi-update-shipment-otomotif\vendor\phpunit\phpunit\phpunit(104): PHPUnit\TextUI\Application->run(Array)
#63 D:\projects\aplikasi-update-shipment-otomotif\vendor\bin\phpunit(122): include('D:\\projects\\apl...')
#64 {main}

----------------------------------------------------------------------------------

Class "Maatwebsite\Excel\Facades\Excel" not found

D:\projects\aplikasi-update-shipment-otomotif\vendor\laravel\framework\src\Illuminate\Testing\TestResponseAssert.php:45
D:\projects\aplikasi-update-shipment-otomotif\vendor\laravel\framework\src\Illuminate\Testing\TestResponse.php:176
D:\projects\aplikasi-update-shipment-otomotif\tests\Feature\Admin\ReportExportTest.php:46

2) Tests\Feature\Admin\UserCrudTest::test_cannot_delete_last_superadmin
Failed asserting that two strings are equal.
--- Expected
+++ Actual
@@ @@
-'http://localhost/admin/users'
+'http://localhost'

D:\projects\aplikasi-update-shipment-otomotif\vendor\laravel\framework\src\Illuminate\Testing\TestResponseAssert.php:45
D:\projects\aplikasi-update-shipment-otomotif\vendor\laravel\framework\src\Illuminate\Testing\TestResponse.php:433
D:\projects\aplikasi-update-shipment-otomotif\vendor\laravel\framework\src\Illuminate\Testing\TestResponse.php:207
D:\projects\aplikasi-update-shipment-otomotif\tests\Feature\Admin\UserCrudTest.php:95

3) Tests\Feature\ExampleTest::test_the_application_returns_a_successful_response
Expected response status code [200] but received 302.
Failed asserting that 302 is identical to 200.

D:\projects\aplikasi-update-shipment-otomotif\vendor\laravel\framework\src\Illuminate\Testing\TestResponseAssert.php:45
D:\projects\aplikasi-update-shipment-otomotif\vendor\laravel\framework\src\Illuminate\Testing\TestResponse.php:176
D:\projects\aplikasi-update-shipment-otomotif\tests\Feature\ExampleTest.php:17

[37;41mFAILURES![0m
[37;41mTests: 63[0m[37;41m, Assertions: 135[0m[37;41m, Failures: 3[0m[37;41m.[0m
